Error in: open: No such file or directory
